Product Name,.,.,Product Category,Seller,.,Minimum Order,.,Product Description,Price,Minimum Order
