Company Name,Salary,Advertisement Title,Company Name,Tipo candidato,Publication Date,Industry,Location,Advertisement Content,Advertisement Content,Advertisement Content,Advertisement Title,Contract type,Industry,Industry,Advertisement Content,Publication Date
