.,Title,.,.,.,.,.,.,.,.,.,Price,.,.,.,.,.,.,.,.,.,.,.,.,.,.,.,.,.,.,.,.,.,Publication Date,.,.,.,.,.,.,.,.,.,.,.,.,.,.,.,.,.,.,.,.,.,.,.,.,.,.,.,.,.,.,.,.,.,.,.,.,.,.,.,.,.,.,.,.,.,.,.,.,.,.,.,.,.,.,.,.,.,.,.,.,.,.,.,.,.,.,.,.,.,.,.,.,.,.,.,.,.,.,.,.,.,.,.,.,.,.,.,.,.,.,.,.,.,.,.,.,.,.,.,.,.,.,.,.,.,.,.,.,.,.,.,.,.,.,.,.,.,.,.,.,.,.,.,.,.,.,.,.,.,.,.,.,.,.,.,.,.,.,.,.,Article Content,.,.,.,.,.,.,.,.,.,.,.,.,.,.,.,Article Content,.,.,.,.,.,.,.,.,.,.,.,.,.,.,.,.,.,.,.,Article Content,Location,Publication Date,Author,.,.,.,Article Content,.,.,.,.,.,.,.,.,.,.,.,.,.,.,.,.,.,.,.,.,.,.,.,.,.,.,.,.,.,.,.,.,.,.,.,.,.,.,.,.,.,.,Article Content,Article Content,.,.,.,.,.,.,.,.,.,.,.,.,.,.
