Name,.,Rating,.,Name,Reviews,Rating,Rating,Rating,Rating,Rating,Rating,Rating,.,.,.,.,.,.,.,.,Benefits,.,Rating,Benefits,.,.,.,.,.,.,.,.,.,.,.,.,.,.,.,.,.,.,.,.,.,.,.,.,.,Description,Rating,Location,.,.,Location,.,.,Reviews,.,.,.,.,Action,Name,.,Benefits,.,Name,Check in hours,Check in hours,.,.,.,Benefits,.,Age Restriction,Age Requirement,.,.,.,.,.,.,Name,Rating,Location,Price,.,.,.,.,.,.,.,.,.,.,.,.,.,.,.,.,.,.,.,.,.,.,.,.,.,.,.,.,.,.,.,.,.,.,.,Location,Location,Distance,.,Benefits,.,.,.,.,.,.,.,.,.,.,.,.,.,.,.,Description
