Advertisement Title,Advertisement Title,Company Name,Location,Publication Date
