Title,Title,Author,Publication Date,Article Content,.,.,.,.,.,.,.
