Advertisement Title,Advertisement Title,Location,Advertisement Content,Role,Role,Role,Role
