Title,Title,Title,Year,Duration (in hours),Earnings,.,.,.,.,Plot,Plot,Director,Directors,Actors,Earnings,.,Directors,Actors,.,.,.,Rating,Rating,Prize,Rating,.,Title,.,.,Actors,Director,Director,Plot,Plot,Plot,Plot,.,Actors,Earnings,Rating,.,.,.,.,Duration (in hours),.,.,Year,Title,Production Companies,Earnings,Earnings,Earnings,Year,Earnings,Audio,.,.,.,.,.,.
