Advertisement Title,Advertisement Title,Company Name,Advertisement Content,.,Company Name,.
