Advertisement Title,Role,Location,Advertisement Content,Company Name,Employees,Links
