Name,.,Location,.,Location,.,Rating,Location,.,Rating,Rating,.,Phone number,.,.,.,.,.,.,.,.,.,.,.,.,.,Rating,.,Date,.,.
