Name,Name,Rating,Rating,Opening Hours,Labels/actions,Address,Location,Location,Phone number,Address,Price,Labels/actions,Labels/actions,Additional informations
